***********************************************************************************************
***                                                                                         ***
***                                   LINK INFORMATION                                    ***
***                                                                                         ***
***********************************************************************************************

Linker version:

  SEGGER ARM Linker 4.44d compiled Jun 20 2026 10:32:14
  Copyright (c) 2017-2025 SEGGER Microcontroller GmbH    www.segger.com


***********************************************************************************************
***                                                                                         ***
***                                    MODULE SUMMARY                                     ***
***                                                                                         ***
***********************************************************************************************

Memory use by input file:

  Object File                                       RX Code     RO Data     RW Data     ZI Data
  ---------------------------------------------  ----------  ----------  ----------  ----------
  _TIMERS.o                                             200                                    
  _UCB.o                                                400          12                   1 324
  Cortex_M_Startup.o                                     64          64                        
  main.o                                             55 042       2 110         230       1 075
  periferalISR.o                                      1 306                     128         769
  SEGGER_THUMB_Startup.o                                 20                                    
  usb.o                                               4 234          85                        
  ---------------------------------------------  ----------  ----------  ----------  ----------
  Subtotal (7 objects)                               61 266       2 271         358       3 168
  ---------------------------------------------  ----------  ----------  ----------  ----------
  heapops_basic_v7m_t_le_eabi_balanced.a                350                                   4
  heapops_disable_interrupts_locking_v7m_t_le_eabi_balanced.a
                                                        114                                   4
  libc_v7m_t_le_eabi_balanced.a                       1 738          36                      33
  libcxxabi_noexcept_v7m_t_le_eabi_balanced.a           592         192                     272
  libdriver-cm3.a                                       694          32                   1 024
  mbops_timeops_v7m_t_le_eabi_balanced.a                200         541          20           4
  prinops_rtt_v7m_t_le_eabi_balanced.a                  464          26          12       1 220
  SEGGER_crtinit_v7m_t_le_eabi_balanced.a                24                                    
  strops_unaligned_v7m_t_le_eabi_balanced.a             196                                    
  ---------------------------------------------  ----------  ----------  ----------  ----------
  Subtotal (9 archives)                               4 372         827          32       2 561
  =============================================  ==========  ==========  ==========  ==========
  Total:                                             65 638       3 098         390       5 729
  =============================================  ==========  ==========  ==========  ==========

Memory use by archive member:

  Archive member                                    RX Code     RO Data     RW Data     ZI Data
  ---------------------------------------------  ----------  ----------  ----------  ----------
  __SEGGER_RTL_vfprintf_int_nwp.o (libc_v7m_t_le_eabi_balanced.a)
                                                        868                                    
  __user_thread_library.o (libc_v7m_t_le_eabi_balanced.a)
                                                         24                                    
  abort_message.o (libcxxabi_noexcept_v7m_t_le_eabi_balanced.a)
                                                          6                                    
  cpu.o (libdriver-cm3.a)                                16                                    
  cxa_atexit.o (libcxxabi_noexcept_v7m_t_le_eabi_balanced.a)
                                                        130                                 260
  cxa_default_handlers.o (libcxxabi_noexcept_v7m_t_le_eabi_balanced.a)
                                                                                              4
  cxa_guard.o (libcxxabi_noexcept_v7m_t_le_eabi_balanced.a)
                                                        296         117                       8
  cxa_handlers.o (libcxxabi_noexcept_v7m_t_le_eabi_balanced.a)
                                                         16                                    
  cxa_virtual.o (libcxxabi_noexcept_v7m_t_le_eabi_balanced.a)
                                                         12          30                        
  execops.o (libc_v7m_t_le_eabi_balanced.a)             154                                  33
  execops_arm.o (libc_v7m_t_le_eabi_balanced.a)                       4                        
  fileops.o (libc_v7m_t_le_eabi_balanced.a)              46                                    
  heapops.o (heapops_disable_interrupts_locking_v7m_t_le_eabi_balanced.a)
                                                        114                                   4
  heapops_basic.o (heapops_basic_v7m_t_le_eabi_balanced.a)
                                                        350                                   4
  intasmops_arm.o (libc_v7m_t_le_eabi_balanced.a)
                                                        302                                    
  interrupt.o (libdriver-cm3.a)                         164          20                   1 024
  mbops.o (mbops_timeops_v7m_t_le_eabi_balanced.a)
                                                        200         541          20           4
  prinops.o (libc_v7m_t_le_eabi_balanced.a)             344          32                        
  prinops_rtt.o (prinops_rtt_v7m_t_le_eabi_balanced.a)
                                                         66                      12          12
  SEGGER_crtinit.o (SEGGER_crtinit_v7m_t_le_eabi_balanced.a)
                                                         24                                    
  SEGGER_RTT.o (prinops_rtt_v7m_t_le_eabi_balanced.a)
                                                        398          26                   1 208
  stdlib_new_delete.o (libcxxabi_noexcept_v7m_t_le_eabi_balanced.a)
                                                        132          45                        
  strasmops_arm.o (strops_unaligned_v7m_t_le_eabi_balanced.a)
                                                        196                                    
  sysctl.o (libdriver-cm3.a)                            514          12                        
  ---------------------------------------------  ----------  ----------  ----------  ----------
  Subtotal (24 members from 9 archives)               4 372         827          32       2 561
  Objects (7 files)                                  61 266       2 271         358       3 168
  =============================================  ==========  ==========  ==========  ==========
  Total:                                             65 638       3 098         390       5 729
  =============================================  ==========  ==========  ==========  ==========

Memory use by linker:

  Description                                       RX Code     RO Data     RW Data     ZI Data
  ---------------------------------------------  ----------  ----------  ----------  ----------
  Objects (7 files)                                  61 266       2 271         358       3 168
  Archives (9 files)                                  4 372         827          32       2 561
  =============================================  ==========  ==========  ==========  ==========
  Total:                                             65 638       3 098         390       5 729
  =============================================  ==========  ==========  ==========  ==========


***********************************************************************************************
***                                                                                         ***
***                             UNPLACED SECTIONS AND BLOCKS                              ***
***                                                                                         ***
***********************************************************************************************

Unplaced sections:

  Section                        Size  Align  Object
  -------------------------  --------  -----  ------
  .init_array                       4      4  _UCB.o
  .rodata..L.str                    7      1  main.o
  .rodata..L.str.6                  8      1  main.o
  .rodata..L.str.7                 38      1  main.o
  .rodata..L.str.8                  B      1  main.o
  .rodata..L.str.9                  8      1  main.o
  .rodata._ZN15USB_DescriptorsIXtl18PHYControlEndpointI9StellarisEtl15PHYEndpointBaseIS1_ELj1074069504ELj0ELj0ELj64ELj1ELj768ELh128EEtl13USB_INIT_DATAIS1_ELj60ELj1023ELj15ELj4278390287ELj1ELj537919489EEEEXtl14DEVICE_CLASS_tI17newUSB_InterfacesIJ6newIFCI6CTupleIJN19USB_DescriptorTypes21CDCHeaderDescriptor_tENSB_29CDCCallManagementDescriptor_tENSB_18CDCACMDescriptor_tENSB_20CDCUnionDescriptor_tEEELh1EES9_I10NoSpecificLh2EEEEELt1351ELt4098EtlSK_tlSA_IJSH_SJ_EEtlSH_Lh0ELh2ELh2ELh1EtlSG_tlSC_Lh5ELh36ELh0ELh16ELh1EEtlSA_IJSD_SE_SF_EEtlSD_Lh5ELh36ELh1ELh1ELh1EEtlSA_IJSE_SF_EEtlSE_Lh4ELh36ELh2ELh2EEtlSA_IJSF_EEtlSF_Lh5ELh36ELh6ELh0ELh1EEEEEEtl12USB_EndpoinsILh1EELh1EtlA1_8EndpointtlSS_Lh129ELh3ELt16ELh1EEEEEtlSA_IJSJ_EEtlSJ_Lh1ELh10ELh0ELh0EtlSI_EtlSQ_ILh2EELh2EtlA2_SS_tlSS_Lh130ELh2ELt64ELh1EEtlSS_Lh2ELh2ELt64ELh1EEEEEEEEEEE27FullConfigurationDescriptorE
                                   43      1  main.o
  .rodata._ZN15USB_DescriptorsIXtl18PHYControlEndpointI9StellarisEtl15PHYEndpointBaseIS1_ELj1074069504ELj0ELj0ELj64ELj1ELj768ELh128EEtl13USB_INIT_DATAIS1_ELj60ELj1023ELj15ELj4278390287ELj1ELj537919489EEEEXtl14DEVICE_CLASS_tI17newUSB_InterfacesIJ6newIFCI6CTupleIJN19USB_DescriptorTypes21CDCHeaderDescriptor_tENSB_29CDCCallManagementDescriptor_tENSB_18CDCACMDescriptor_tENSB_20CDCUnionDescriptor_tEEELh1EES9_I10NoSpecificLh2EEEEELt1351ELt4098EtlSK_tlSA_IJSH_SJ_EEtlSH_Lh0ELh2ELh2ELh1EtlSG_tlSC_Lh5ELh36ELh0ELh16ELh1EEtlSA_IJSD_SE_SF_EEtlSD_Lh5ELh36ELh1ELh1ELh1EEtlSA_IJSE_SF_EEtlSE_Lh4ELh36ELh2ELh2EEtlSA_IJSF_EEtlSF_Lh5ELh36ELh6ELh0ELh1EEEEEEtl12USB_EndpoinsILh1EELh1EtlA1_8EndpointtlSS_Lh129ELh3ELt16ELh1EEEEEtlSA_IJSJ_EEtlSJ_Lh1ELh10ELh0ELh0EtlSI_EtlSQ_ILh2EELh2EtlA2_SS_tlSS_Lh130ELh2ELt64ELh1EEtlSS_Lh2ELh2ELt64ELh1EEEEEEEEEEE18LanguageDescriptorE
                                   10      2  main.o
  .rodata._ZN15USB_DescriptorsIXtl18PHYControlEndpointI9StellarisEtl15PHYEndpointBaseIS1_ELj1074069504ELj0ELj0ELj64ELj1ELj768ELh128EEtl13USB_INIT_DATAIS1_ELj60ELj1023ELj15ELj4278390287ELj1ELj537919489EEEEXtl14DEVICE_CLASS_tI17newUSB_InterfacesIJ6newIFCI6CTupleIJN19USB_DescriptorTypes21CDCHeaderDescriptor_tENSB_29CDCCallManagementDescriptor_tENSB_18CDCACMDescriptor_tENSB_20CDCUnionDescriptor_tEEELh1EES9_I10NoSpecificLh2EEEEELt1351ELt4098EtlSK_tlSA_IJSH_SJ_EEtlSH_Lh0ELh2ELh2ELh1EtlSG_tlSC_Lh5ELh36ELh0ELh16ELh1EEtlSA_IJSD_SE_SF_EEtlSD_Lh5ELh36ELh1ELh1ELh1EEtlSA_IJSE_SF_EEtlSE_Lh4ELh36ELh2ELh2EEtlSA_IJSF_EEtlSF_Lh5ELh36ELh6ELh0ELh1EEEEEEtl12USB_EndpoinsILh1EELh1EtlA1_8EndpointtlSS_Lh129ELh3ELt16ELh1EEEEEtlSA_IJSJ_EEtlSJ_Lh1ELh10ELh0ELh0EtlSI_EtlSQ_ILh2EELh2EtlA2_SS_tlSS_Lh130ELh2ELt64ELh1EEtlSS_Lh2ELh2ELt64ELh1EEEEEEEEEEE13ManDescriptorE
                                   10      2  main.o
  .rodata._ZN15USB_DescriptorsIXtl18PHYControlEndpointI9StellarisEtl15PHYEndpointBaseIS1_ELj1074069504ELj0ELj0ELj64ELj1ELj768ELh128EEtl13USB_INIT_DATAIS1_ELj60ELj1023ELj15ELj4278390287ELj1ELj537919489EEEEXtl14DEVICE_CLASS_tI17newUSB_InterfacesIJ6newIFCI6CTupleIJN19USB_DescriptorTypes21CDCHeaderDescriptor_tENSB_29CDCCallManagementDescriptor_tENSB_18CDCACMDescriptor_tENSB_20CDCUnionDescriptor_tEEELh1EES9_I10NoSpecificLh2EEEEELt1351ELt4098EtlSK_tlSA_IJSH_SJ_EEtlSH_Lh0ELh2ELh2ELh1EtlSG_tlSC_Lh5ELh36ELh0ELh16ELh1EEtlSA_IJSD_SE_SF_EEtlSD_Lh5ELh36ELh1ELh1ELh1EEtlSA_IJSE_SF_EEtlSE_Lh4ELh36ELh2ELh2EEtlSA_IJSF_EEtlSF_Lh5ELh36ELh6ELh0ELh1EEEEEEtl12USB_EndpoinsILh1EELh1EtlA1_8EndpointtlSS_Lh129ELh3ELt16ELh1EEEEEtlSA_IJSJ_EEtlSJ_Lh1ELh10ELh0ELh0EtlSI_EtlSQ_ILh2EELh2EtlA2_SS_tlSS_Lh130ELh2ELt64ELh1EEtlSS_Lh2ELh2ELt64ELh1EEEEEEEEEEE17ProductDescriptorE
                                   10      2  main.o
  .rodata._ZN15USB_DescriptorsIXtl18PHYControlEndpointI9StellarisEtl15PHYEndpointBaseIS1_ELj1074069504ELj0ELj0ELj64ELj1ELj768ELh128EEtl13USB_INIT_DATAIS1_ELj60ELj1023ELj15ELj4278390287ELj1ELj537919489EEEEXtl14DEVICE_CLASS_tI17newUSB_InterfacesIJ6newIFCI6CTupleIJN19USB_DescriptorTypes21CDCHeaderDescriptor_tENSB_29CDCCallManagementDescriptor_tENSB_18CDCACMDescriptor_tENSB_20CDCUnionDescriptor_tEEELh1EES9_I10NoSpecificLh2EEEEELt1351ELt4098EtlSK_tlSA_IJSH_SJ_EEtlSH_Lh0ELh2ELh2ELh1EtlSG_tlSC_Lh5ELh36ELh0ELh16ELh1EEtlSA_IJSD_SE_SF_EEtlSD_Lh5ELh36ELh1ELh1ELh1EEtlSA_IJSE_SF_EEtlSE_Lh4ELh36ELh2ELh2EEtlSA_IJSF_EEtlSF_Lh5ELh36ELh6ELh0ELh1EEEEEEtl12USB_EndpoinsILh1EELh1EtlA1_8EndpointtlSS_Lh129ELh3ELt16ELh1EEEEEtlSA_IJSJ_EEtlSJ_Lh1ELh10ELh0ELh0EtlSI_EtlSQ_ILh2EELh2EtlA2_SS_tlSS_Lh130ELh2ELt64ELh1EEtlSS_Lh2ELh2ELt64ELh1EEEEEEEEEEE12SerialNumberE
                                   10      2  main.o
  .init_array                       4      4  main.o
  .init_array                       4      4  main.o
  .init_array                       4      4  main.o
  .text._ISR10                     22      4  periferalISR.o
  .text._ISR11                     26      4  periferalISR.o
  .text._ISR12                     26      4  periferalISR.o
  .text._ISR13                     26      4  periferalISR.o
  .text._ISR14                     26      4  periferalISR.o
  .text._ISR15                     26      4  periferalISR.o
  .text._ISR16                     26      4  periferalISR.o
  .text._ISR17                     26      4  periferalISR.o
  .text._ISR18                     26      4  periferalISR.o
  .text._ISR19                     26      4  periferalISR.o
  .text._ISR20                     26      4  periferalISR.o
  .text._ISR21                     26      4  periferalISR.o
  .text._ISR22                     26      4  periferalISR.o
  .text._ISR23                     26      4  periferalISR.o
  .text._ISR24                     26      4  periferalISR.o
  .text._ISR25                     26      4  periferalISR.o
  .text._ISR26                     26      4  periferalISR.o
  .text._ISR27                     26      4  periferalISR.o
  .text._ISR28                     26      4  periferalISR.o
  .text._ISR29                     26      4  periferalISR.o
  .text._ISR30                     26      4  periferalISR.o
  .text._ISR31                     26      4  periferalISR.o
  .text.__cxx_global_var_init
                                   4A      4  periferalISR.o
  .init_array                       4      4  periferalISR.o
  .text.USBIntEnable               AE      4  usb.o
  .text.USBIntDisableEndpoint
                                   42      4  usb.o
  .text.USBIntEnableEndpoint
                                   42      4  usb.o
  .text.USBIntStatusEndpoint
                                   3A      4  usb.o
  .text.USBEndpointStatus          B6      4  usb.o
  .text.USBDevAddrSet              2E      4  usb.o
  .text.USBFIFOConfigSet          102      4  usb.o
  .text.USBIndexWrite              96      4  usb.o
  .text.USBDevEndpointDataAck
                                   C6      4  usb.o
  .text.USBEndpointDataPut         F2      4  usb.o
  .text.USBEndpointDataSend        E6      4  usb.o
  .text.CPUcpsid                    8      2  cpu.o (libdriver-cm3.a)
  .text.CPUcpsie                    8      2  cpu.o (libdriver-cm3.a)
  .text.libc.__user_mutex_init
                                    4      2  __user_thread_library.o (libc_v7m_t_le_eabi_balanced.a)
  .text.libc.__user_mutex_lock
                                    4      2  __user_thread_library.o (libc_v7m_t_le_eabi_balanced.a)
  .text.libc.__user_mutex_unlock
                                    4      2  __user_thread_library.o (libc_v7m_t_le_eabi_balanced.a)
  .text.libc.__user_condvar_init
                                    4      2  __user_thread_library.o (libc_v7m_t_le_eabi_balanced.a)
  .text.libc.__user_condvar_broadcast
                                    4      2  __user_thread_library.o (libc_v7m_t_le_eabi_balanced.a)
  .text.libc.__user_condvar_wait
                                    4      2  __user_thread_library.o (libc_v7m_t_le_eabi_balanced.a)
  .text.libc.__aeabi_uldivmod
                                  12E      4  intasmops_arm.o (libc_v7m_t_le_eabi_balanced.a)
  .text.libc.__SEGGER_RTL_putc
                                   84      2  prinops.o (libc_v7m_t_le_eabi_balanced.a)
  .text.libc.vfprintf              1C      2  prinops.o (libc_v7m_t_le_eabi_balanced.a)
  .text.libc.vfprintf_l            68      2  prinops.o (libc_v7m_t_le_eabi_balanced.a)
  .text.libc.printf                2C      2  prinops.o (libc_v7m_t_le_eabi_balanced.a)
  .rodata.libc.__SEGGER_RTL_hex_uc
                                   10      1  prinops.o (libc_v7m_t_le_eabi_balanced.a)
  .rodata.libc.__SEGGER_RTL_hex_lc
                                   10      1  prinops.o (libc_v7m_t_le_eabi_balanced.a)
  .text.libc.__SEGGER_RTL_X_file_stat
                                   38      2  prinops_rtt.o (prinops_rtt_v7m_t_le_eabi_balanced.a)
  .text.libc.__SEGGER_RTL_X_file_bufsize
                                    4      2  prinops_rtt.o (prinops_rtt_v7m_t_le_eabi_balanced.a)
  .text.libc._DoInit               5C      2  SEGGER_RTT.o (prinops_rtt_v7m_t_le_eabi_balanced.a)
  .text.libc._WriteNoCheck         3C      2  SEGGER_RTT.o (prinops_rtt_v7m_t_le_eabi_balanced.a)
  .text.libc.SEGGER_RTT_WriteNoLock
                                   58      2  SEGGER_RTT.o (prinops_rtt_v7m_t_le_eabi_balanced.a)
  .text.libc.__SEGGER_RTL_alloc
                                   74      2  heapops_basic.o (heapops_basic_v7m_t_le_eabi_balanced.a)
  .text.libc.__SEGGER_RTL_aligned_alloc
                                   38      2  heapops_basic.o (heapops_basic_v7m_t_le_eabi_balanced.a)
  .text.libc.__SEGGER_RTL_free
                                   9C      2  heapops_basic.o (heapops_basic_v7m_t_le_eabi_balanced.a)
  .text.libc.__SEGGER_RTL_X_heap_lock
                                   18      2  heapops.o (heapops_disable_interrupts_locking_v7m_t_le_eabi_balanced.a)
  .text.libc.__SEGGER_RTL_X_heap_unlock
                                   10      2  heapops.o (heapops_disable_interrupts_locking_v7m_t_le_eabi_balanced.a)
  .text.libc.malloc                18      2  heapops.o (heapops_disable_interrupts_locking_v7m_t_le_eabi_balanced.a)
  .text.libc.aligned_alloc         1C      2  heapops.o (heapops_disable_interrupts_locking_v7m_t_le_eabi_balanced.a)
  .text.libc.__SEGGER_RTL_current_locale
                                   18      2  mbops.o (mbops_timeops_v7m_t_le_eabi_balanced.a)
  .text.libc.__SEGGER_RTL_ascii_isctype
                                   20      2  mbops.o (mbops_timeops_v7m_t_le_eabi_balanced.a)
  .text.libc.__SEGGER_RTL_ascii_toupper
                                    C      2  mbops.o (mbops_timeops_v7m_t_le_eabi_balanced.a)
  .text.libc.__SEGGER_RTL_ascii_tolower
                                    C      2  mbops.o (mbops_timeops_v7m_t_le_eabi_balanced.a)
  .text.libc.__SEGGER_RTL_ascii_iswctype
                                   20      2  mbops.o (mbops_timeops_v7m_t_le_eabi_balanced.a)
  .text.libc.__SEGGER_RTL_ascii_towupper
                                    C      2  mbops.o (mbops_timeops_v7m_t_le_eabi_balanced.a)
  .text.libc.__SEGGER_RTL_ascii_towlower
                                    C      2  mbops.o (mbops_timeops_v7m_t_le_eabi_balanced.a)
  .rodata.libc.__SEGGER_RTL_c_locale_month_names
                                   57      1  mbops.o (mbops_timeops_v7m_t_le_eabi_balanced.a)
  .rodata.libc.__SEGGER_RTL_c_locale_am_pm_indicator
                                    7      1  mbops.o (mbops_timeops_v7m_t_le_eabi_balanced.a)
  .rodata.libc.__SEGGER_RTL_c_locale_date_time_format
                                    F      1  mbops.o (mbops_timeops_v7m_t_le_eabi_balanced.a)
  .rodata.libc.__SEGGER_RTL_ascii_ctype_map
                                   80      1  mbops.o (mbops_timeops_v7m_t_le_eabi_balanced.a)
  .text.libcxxabi.__cxa_atexit
                                   4C      2  cxa_atexit.o (libcxxabi_noexcept_v7m_t_le_eabi_balanced.a)
  .text.libcxxabi.unlikely.__cxa_guard_acquire
                                   64      2  cxa_guard.o (libcxxabi_noexcept_v7m_t_le_eabi_balanced.a)
  .text.libcxxabi._ZN10__cxxabiv112_GLOBAL__N_119InitByteGlobalMutexINS0_11LibcppMutexENS0_13LibcppCondVarEL_ZNS0_12GlobalStaticIS2_E8instanceEEL_ZNS4_IS3_E8instanceEELPFjvE0EE9LockGuardD2Ev
                                   24      2  cxa_guard.o (libcxxabi_noexcept_v7m_t_le_eabi_balanced.a)
  .rodata.libcxxabi..L.str         14      1  cxa_guard.o (libcxxabi_noexcept_v7m_t_le_eabi_balanced.a)
  .rodata.libcxxabi..L.str.3
                                   1B      1  cxa_guard.o (libcxxabi_noexcept_v7m_t_le_eabi_balanced.a)
  .rodata.libcxxabi..L.str.4
                                   1B      1  cxa_guard.o (libcxxabi_noexcept_v7m_t_le_eabi_balanced.a)
  .rodata.libcxxabi..L.str.5
                                   14      1  cxa_guard.o (libcxxabi_noexcept_v7m_t_le_eabi_balanced.a)
  .rodata.libcxxabi..L.str.6
                                   17      1  cxa_guard.o (libcxxabi_noexcept_v7m_t_le_eabi_balanced.a)
  .init_array                       8      4  cxa_guard.o (libcxxabi_noexcept_v7m_t_le_eabi_balanced.a)
  .text.libcxxabi._ZSt15get_new_handlerv
                                   10      2  cxa_handlers.o (libcxxabi_noexcept_v7m_t_le_eabi_balanced.a)
  .text.libcxxabi.__cxa_pure_virtual
                                    C      2  cxa_virtual.o (libcxxabi_noexcept_v7m_t_le_eabi_balanced.a)
  .text.libcxxabi._ZdlPv            4      2  stdlib_new_delete.o (libcxxabi_noexcept_v7m_t_le_eabi_balanced.a)
  .text.libcxxabi._ZdlPvj           4      2  stdlib_new_delete.o (libcxxabi_noexcept_v7m_t_le_eabi_balanced.a)
  .text.libcxxabi._ZL25operator_new_aligned_impljSt11align_val_t
                                   28      2  stdlib_new_delete.o (libcxxabi_noexcept_v7m_t_le_eabi_balanced.a)
  .text.libcxxabi._ZdlPvSt11align_val_t
                                    4      2  stdlib_new_delete.o (libcxxabi_noexcept_v7m_t_le_eabi_balanced.a)
  .rodata.libcxxabi..L.str         2D      1  stdlib_new_delete.o (libcxxabi_noexcept_v7m_t_le_eabi_balanced.a)
  =========================  ========  =====  ======
  Total:                         5054         
  =========================  ========  =====  ======


***********************************************************************************************
***                                                                                         ***
***                                     LINK SUMMARY                                      ***
***                                                                                         ***
***********************************************************************************************

Link complete: 50 error.
